------------------------------------------------------------
Timing Analyzer Summary
------------------------------------------------------------

Type  : Slow 1100mV 85C Model Setup 'clk'
Slack : -10.323
TNS   : -43065.709

Type  : Slow 1100mV 85C Model Setup 'pll:vgapll|toggle'
Slack : -3.519
TNS   : -88.308

Type  : Slow 1100mV 85C Model Hold 'clk'
Slack : 0.408
TNS   : 0.000

Type  : Slow 1100mV 85C Model Hold 'pll:vgapll|toggle'
Slack : 0.867
TNS   : 0.000

Type  : Slow 1100mV 85C Model Minimum Pulse Width 'clk'
Slack : -2.174
TNS   : -18988.734

Type  : Slow 1100mV 85C Model Minimum Pulse Width 'pll:vgapll|toggle'
Slack : -0.394
TNS   : -13.536

Type  : Slow 1100mV 0C Model Setup 'clk'
Slack : -10.241
TNS   : -42331.284

Type  : Slow 1100mV 0C Model Setup 'pll:vgapll|toggle'
Slack : -3.500
TNS   : -86.820

Type  : Slow 1100mV 0C Model Hold 'clk'
Slack : 0.262
TNS   : 0.000

Type  : Slow 1100mV 0C Model Hold 'pll:vgapll|toggle'
Slack : 0.846
TNS   : 0.000

Type  : Slow 1100mV 0C Model Minimum Pulse Width 'clk'
Slack : -2.174
TNS   : -18947.738

Type  : Slow 1100mV 0C Model Minimum Pulse Width 'pll:vgapll|toggle'
Slack : -0.394
TNS   : -13.333

Type  : Fast 1100mV 85C Model Setup 'clk'
Slack : -5.665
TNS   : -23472.600

Type  : Fast 1100mV 85C Model Setup 'pll:vgapll|toggle'
Slack : -1.723
TNS   : -42.262

Type  : Fast 1100mV 85C Model Hold 'clk'
Slack : 0.250
TNS   : 0.000

Type  : Fast 1100mV 85C Model Hold 'pll:vgapll|toggle'
Slack : 0.435
TNS   : 0.000

Type  : Fast 1100mV 85C Model Minimum Pulse Width 'clk'
Slack : -2.174
TNS   : -18894.252

Type  : Fast 1100mV 85C Model Minimum Pulse Width 'pll:vgapll|toggle'
Slack : 0.074
TNS   : 0.000

Type  : Fast 1100mV 0C Model Setup 'clk'
Slack : -4.988
TNS   : -20622.348

Type  : Fast 1100mV 0C Model Setup 'pll:vgapll|toggle'
Slack : -1.547
TNS   : -37.600

Type  : Fast 1100mV 0C Model Hold 'clk'
Slack : -0.013
TNS   : -0.025

Type  : Fast 1100mV 0C Model Hold 'pll:vgapll|toggle'
Slack : 0.396
TNS   : 0.000

Type  : Fast 1100mV 0C Model Minimum Pulse Width 'clk'
Slack : -2.174
TNS   : -18904.622

Type  : Fast 1100mV 0C Model Minimum Pulse Width 'pll:vgapll|toggle'
Slack : 0.100
TNS   : 0.000

------------------------------------------------------------
